// Jest Snapshot v1, https://goo.gl/fbAQLP

exports[`<App /> renders correctly 1`] = `
<main>
  <!---->
   
  <splitpanes-stub
    dblclicksplitter="true"
    pushotherpanes="true"
  >
    <pane-stub
      maxsize="100"
      minsize="10"
      size="15"
    >
      <side-menu-stub />
    </pane-stub>
     
    <pane-stub
      maxsize="100"
      minsize="0"
      size="85"
    >
      <splitpanes-stub
        dblclicksplitter="true"
        pushotherpanes="true"
      >
        <pane-stub
          maxsize="100"
          minsize="0"
        >
          <router-view-stub />
        </pane-stub>
         
      </splitpanes-stub>
    </pane-stub>
  </splitpanes-stub>
</main>
`;
